Archive member included to satisfy reference by file (symbol)

/home/ivan/stm/STM32Cube_FW_F4_V1.16.0/Middlewares/ST/STM32_Audio/Addons/PDM/libPDMFilter_CM4_GCC.a(pdm_filter.o)
                              ./src/stm32f401_discovery_audio.o (symbol from plugin) (PDM_Filter_Init)
/usr/local/gcc-arm-none-eabi-5_4-2016q3/bin/../lib/gcc/arm-none-eabi/5.4.1/../../../../arm-none-eabi/lib/armv7e-m/libm.a(lib_a-s_cos.o)
                              /home/ivan/stm/STM32Cube_FW_F4_V1.16.0/Middlewares/ST/STM32_Audio/Addons/PDM/libPDMFilter_CM4_GCC.a(pdm_filter.o) (cos)
/usr/local/gcc-arm-none-eabi-5_4-2016q3/bin/../lib/gcc/arm-none-eabi/5.4.1/../../../../arm-none-eabi/lib/armv7e-m/libm.a(lib_a-w_sqrt.o)
                              /home/ivan/stm/STM32Cube_FW_F4_V1.16.0/Middlewares/ST/STM32_Audio/Addons/PDM/libPDMFilter_CM4_GCC.a(pdm_filter.o) (sqrt)
/usr/local/gcc-arm-none-eabi-5_4-2016q3/bin/../lib/gcc/arm-none-eabi/5.4.1/../../../../arm-none-eabi/lib/armv7e-m/libm.a(lib_a-e_rem_pio2.o)
                              /usr/local/gcc-arm-none-eabi-5_4-2016q3/bin/../lib/gcc/arm-none-eabi/5.4.1/../../../../arm-none-eabi/lib/armv7e-m/libm.a(lib_a-s_cos.o) (__ieee754_rem_pio2)
/usr/local/gcc-arm-none-eabi-5_4-2016q3/bin/../lib/gcc/arm-none-eabi/5.4.1/../../../../arm-none-eabi/lib/armv7e-m/libm.a(lib_a-e_sqrt.o)
                              /usr/local/gcc-arm-none-eabi-5_4-2016q3/bin/../lib/gcc/arm-none-eabi/5.4.1/../../../../arm-none-eabi/lib/armv7e-m/libm.a(lib_a-w_sqrt.o) (__ieee754_sqrt)
/usr/local/gcc-arm-none-eabi-5_4-2016q3/bin/../lib/gcc/arm-none-eabi/5.4.1/../../../../arm-none-eabi/lib/armv7e-m/libm.a(lib_a-k_cos.o)
                              /usr/local/gcc-arm-none-eabi-5_4-2016q3/bin/../lib/gcc/arm-none-eabi/5.4.1/../../../../arm-none-eabi/lib/armv7e-m/libm.a(lib_a-s_cos.o) (__kernel_cos)
/usr/local/gcc-arm-none-eabi-5_4-2016q3/bin/../lib/gcc/arm-none-eabi/5.4.1/../../../../arm-none-eabi/lib/armv7e-m/libm.a(lib_a-k_rem_pio2.o)
                              /usr/local/gcc-arm-none-eabi-5_4-2016q3/bin/../lib/gcc/arm-none-eabi/5.4.1/../../../../arm-none-eabi/lib/armv7e-m/libm.a(lib_a-e_rem_pio2.o) (__kernel_rem_pio2)
/usr/local/gcc-arm-none-eabi-5_4-2016q3/bin/../lib/gcc/arm-none-eabi/5.4.1/../../../../arm-none-eabi/lib/armv7e-m/libm.a(lib_a-k_sin.o)
                              /usr/local/gcc-arm-none-eabi-5_4-2016q3/bin/../lib/gcc/arm-none-eabi/5.4.1/../../../../arm-none-eabi/lib/armv7e-m/libm.a(lib_a-s_cos.o) (__kernel_sin)
/usr/local/gcc-arm-none-eabi-5_4-2016q3/bin/../lib/gcc/arm-none-eabi/5.4.1/../../../../arm-none-eabi/lib/armv7e-m/libm.a(lib_a-s_fabs.o)
                              /usr/local/gcc-arm-none-eabi-5_4-2016q3/bin/../lib/gcc/arm-none-eabi/5.4.1/../../../../arm-none-eabi/lib/armv7e-m/libm.a(lib_a-e_rem_pio2.o) (fabs)
/usr/local/gcc-arm-none-eabi-5_4-2016q3/bin/../lib/gcc/arm-none-eabi/5.4.1/../../../../arm-none-eabi/lib/armv7e-m/libm.a(lib_a-s_floor.o)
                              /usr/local/gcc-arm-none-eabi-5_4-2016q3/bin/../lib/gcc/arm-none-eabi/5.4.1/../../../../arm-none-eabi/lib/armv7e-m/libm.a(lib_a-k_rem_pio2.o) (floor)
/usr/local/gcc-arm-none-eabi-5_4-2016q3/bin/../lib/gcc/arm-none-eabi/5.4.1/../../../../arm-none-eabi/lib/armv7e-m/libm.a(lib_a-s_lib_ver.o)
                              /usr/local/gcc-arm-none-eabi-5_4-2016q3/bin/../lib/gcc/arm-none-eabi/5.4.1/../../../../arm-none-eabi/lib/armv7e-m/libm.a(lib_a-w_sqrt.o) (__fdlib_version)
/usr/local/gcc-arm-none-eabi-5_4-2016q3/bin/../lib/gcc/arm-none-eabi/5.4.1/../../../../arm-none-eabi/lib/armv7e-m/libm.a(lib_a-s_matherr.o)
                              /usr/local/gcc-arm-none-eabi-5_4-2016q3/bin/../lib/gcc/arm-none-eabi/5.4.1/../../../../arm-none-eabi/lib/armv7e-m/libm.a(lib_a-w_sqrt.o) (matherr)
/usr/local/gcc-arm-none-eabi-5_4-2016q3/bin/../lib/gcc/arm-none-eabi/5.4.1/../../../../arm-none-eabi/lib/armv7e-m/libm.a(lib_a-s_scalbn.o)
                              /usr/local/gcc-arm-none-eabi-5_4-2016q3/bin/../lib/gcc/arm-none-eabi/5.4.1/../../../../arm-none-eabi/lib/armv7e-m/libm.a(lib_a-k_rem_pio2.o) (scalbn)
/usr/local/gcc-arm-none-eabi-5_4-2016q3/bin/../lib/gcc/arm-none-eabi/5.4.1/../../../../arm-none-eabi/lib/armv7e-m/libm.a(lib_a-s_copysign.o)
                              /usr/local/gcc-arm-none-eabi-5_4-2016q3/bin/../lib/gcc/arm-none-eabi/5.4.1/../../../../arm-none-eabi/lib/armv7e-m/libm.a(lib_a-s_scalbn.o) (copysign)
/usr/local/gcc-arm-none-eabi-5_4-2016q3/bin/../lib/gcc/arm-none-eabi/5.4.1/../../../../arm-none-eabi/lib/armv7e-m/libc_nano.a(lib_a-abs.o)
                              ./src/main.o (symbol from plugin) (abs)
/usr/local/gcc-arm-none-eabi-5_4-2016q3/bin/../lib/gcc/arm-none-eabi/5.4.1/../../../../arm-none-eabi/lib/armv7e-m/libc_nano.a(lib_a-errno.o)
                              /usr/local/gcc-arm-none-eabi-5_4-2016q3/bin/../lib/gcc/arm-none-eabi/5.4.1/../../../../arm-none-eabi/lib/armv7e-m/libm.a(lib_a-w_sqrt.o) (__errno)
[...]
Memory Configuration

Name             Origin             Length             Attributes
RAM              0x20000000         0x00010000         xrw
CCMRAM           0x10000000         0x00000000         xrw
FLASH            0x08000000         0x00040000         xr
FLASHB1          0x00000000         0x00000000         xr
EXTMEMB0         0x00000000         0x00000000         xr
EXTMEMB1         0x00000000         0x00000000         xr
EXTMEMB2         0x00000000         0x00000000         xr
EXTMEMB3         0x00000000         0x00000000         xr
*default*        0x00000000         0xffffffff

Linker script and memory map

LOAD /usr/local/gcc-arm-none-eabi-5_4-2016q3/bin/../lib/gcc/arm-none-eabi/5.4.1/../../../../arm-none-eabi/lib/armv7e-m/librdimon_nano.a
LOAD ./system/src/stm32f4-hal/stm32f4xx_hal.o
LOAD /tmp/cc6GGOBu.ltrans0.ltrans.o
LOAD /tmp/cc6GGOBu.ltrans1.ltrans.o
LOAD /tmp/cc6GGOBu.ltrans2.ltrans.o
LOAD ./system/src/stm32f4-hal/stm32f4xx_hal_cortex.o
LOAD ./system/src/stm32f4-hal/stm32f4xx_hal_crc.o
LOAD ./system/src/stm32f4-hal/stm32f4xx_hal_dfsdm.o
LOAD ./system/src/stm32f4-hal/stm32f4xx_hal_dma.o
LOAD ./system/src/stm32f4-hal/stm32f4xx_hal_dma2d.o
LOAD ./system/src/stm32f4-hal/stm32f4xx_hal_dma_ex.o
LOAD ./system/src/stm32f4-hal/stm32f4xx_hal_flash.o
LOAD ./system/src/stm32f4-hal/stm32f4xx_hal_gpio.o
LOAD ./system/src/stm32f4-hal/stm32f4xx_hal_i2c.o
LOAD ./system/src/stm32f4-hal/stm32f4xx_hal_i2c_ex.o
LOAD ./system/src/stm32f4-hal/stm32f4xx_hal_i2s.o
LOAD ./system/src/stm32f4-hal/stm32f4xx_hal_i2s_ex.o
LOAD ./system/src/stm32f4-hal/stm32f4xx_hal_iwdg.o
LOAD ./system/src/stm32f4-hal/stm32f4xx_hal_pwr.o
LOAD ./system/src/stm32f4-hal/stm32f4xx_hal_rcc.o
LOAD ./system/src/stm32f4-hal/stm32f4xx_hal_rcc_ex.o
LOAD ./system/src/stm32f4-hal/stm32f4xx_hal_spi.o
LOAD ./system/src/stm32f4-hal/stm32f4xx_hal_uart.o
LOAD ./system/src/newlib/_cxx.o
LOAD ./system/src/newlib/_exit.o
LOAD ./system/src/newlib/_sbrk.o
LOAD ./system/src/newlib/_startup.o
LOAD ./system/src/newlib/_syscalls.o
LOAD ./system/src/newlib/assert.o
LOAD ./system/src/diag/Trace.o
LOAD ./system/src/diag/trace_impl.o
LOAD ./system/src/cortexm/_initialize_hardware.o
LOAD ./system/src/cortexm/_reset_hardware.o
LOAD ./system/src/cortexm/exception_handlers.o
LOAD ./system/src/cmsis/system_stm32f4xx.o
LOAD ./system/src/cmsis/vectors_stm32f401xc.o
LOAD ./src/BlinkLed.o
LOAD ./src/Timer.o
LOAD ./src/_initialize_hardware.o
LOAD ./src/_write.o
LOAD ./src/main.o
LOAD ./src/stm32f401_discovery.o
LOAD ./src/stm32f401_discovery_accelerometer.o
LOAD ./src/stm32f401_discovery_audio.o
LOAD ./src/stm32f401_discovery_gyroscope.o
LOAD ./src/stm32f4xx_hal_msp.o
LOAD ./src/stm32f4xx_it.o
LOAD ./lsm303dlhc/lsm303dlhc.o
LOAD ./l3gd20/l3gd20.o
LOAD ./cs43l22/cs43l22.o
LOAD /home/ivan/stm/STM32Cube_FW_F4_V1.16.0/Middlewares/ST/STM32_Audio/Addons/PDM/libPDMFilter_CM4_GCC.a
LOAD /usr/local/gcc-arm-none-eabi-5_4-2016q3/bin/../lib/gcc/arm-none-eabi/5.4.1/../../../../arm-none-eabi/lib/armv7e-m/libstdc++_nano.a
LOAD /usr/local/gcc-arm-none-eabi-5_4-2016q3/bin/../lib/gcc/arm-none-eabi/5.4.1/../../../../arm-none-eabi/lib/armv7e-m/libm.a
LOAD /usr/local/gcc-arm-none-eabi-5_4-2016q3/bin/../lib/gcc/arm-none-eabi/5.4.1/../../../../arm-none-eabi/lib/armv7e-m/libc_nano.a
START GROUP
LOAD /usr/local/gcc-arm-none-eabi-5_4-2016q3/bin/../lib/gcc/arm-none-eabi/5.4.1/armv7e-m/libgcc.a
LOAD /usr/local/gcc-arm-none-eabi-5_4-2016q3/bin/../lib/gcc/arm-none-eabi/5.4.1/../../../../arm-none-eabi/lib/armv7e-m/libg_nano.a
LOAD /usr/local/gcc-arm-none-eabi-5_4-2016q3/bin/../lib/gcc/arm-none-eabi/5.4.1/../../../../arm-none-eabi/lib/armv7e-m/libc_nano.a
END GROUP
START GROUP
LOAD /usr/local/gcc-arm-none-eabi-5_4-2016q3/bin/../lib/gcc/arm-none-eabi/5.4.1/armv7e-m/libgcc.a
LOAD /usr/local/gcc-arm-none-eabi-5_4-2016q3/bin/../lib/gcc/arm-none-eabi/5.4.1/../../../../arm-none-eabi/lib/armv7e-m/libc_nano.a
LOAD /usr/local/gcc-arm-none-eabi-5_4-2016q3/bin/../lib/gcc/arm-none-eabi/5.4.1/../../../../arm-none-eabi/lib/armv7e-m/librdimon_nano.a
LOAD /usr/local/gcc-arm-none-eabi-5_4-2016q3/bin/../lib/gcc/arm-none-eabi/5.4.1/../../../../arm-none-eabi/lib/armv7e-m/libnosys.a
END GROUP
START GROUP
LOAD /usr/local/gcc-arm-none-eabi-5_4-2016q3/bin/../lib/gcc/arm-none-eabi/5.4.1/armv7e-m/libgcc.a
LOAD /usr/local/gcc-arm-none-eabi-5_4-2016q3/bin/../lib/gcc/arm-none-eabi/5.4.1/../../../../arm-none-eabi/lib/armv7e-m/libc_nano.a
LOAD /usr/local/gcc-arm-none-eabi-5_4-2016q3/bin/../lib/gcc/arm-none-eabi/5.4.1/../../../../arm-none-eabi/lib/armv7e-m/libnosys.a
END GROUP
START GROUP
LOAD /usr/local/gcc-arm-none-eabi-5_4-2016q3/bin/../lib/gcc/arm-none-eabi/5.4.1/armv7e-m/libgcc.a
LOAD /usr/local/gcc-arm-none-eabi-5_4-2016q3/bin/../lib/gcc/arm-none-eabi/5.4.1/../../../../arm-none-eabi/lib/armv7e-m/libc_nano.a
LOAD /usr/local/gcc-arm-none-eabi-5_4-2016q3/bin/../lib/gcc/arm-none-eabi/5.4.1/../../../../arm-none-eabi/lib/armv7e-m/librdimon_nano.a
END GROUP
                0x20010000                __stack = (ORIGIN (RAM) + LENGTH (RAM))
                0x20010000                _estack = __stack
                0x00000400                __Main_Stack_Size = 0x400
                [!provide]                PROVIDE (_Main_Stack_Size, __Main_Stack_Size)
                0x2000fc00                __Main_Stack_Limit = (__stack - __Main_Stack_Size)
                [!provide]                PROVIDE (_Main_Stack_Limit, __Main_Stack_Limit)
                0x00000100                _Minimum_Stack_Size = 0x100
                0x2000033c                PROVIDE (_Heap_Begin, _end_noinit)
                0x2000fc00                PROVIDE (_Heap_Limit, (__stack - __Main_Stack_Size))

.isr_vector     0x08000000      0x370
 FILL mask 0xff
                0x08000000                __vectors_start = ABSOLUTE (.)
                0x08000000                __vectors_start__ = ABSOLUTE (.)
 *(.isr_vector)
 .isr_vector    0x08000000      0x194 /tmp/cc6GGOBu.ltrans2.ltrans.o
                0x08000000                __isr_vectors
 *(.cfmconfig)
 *(.after_vectors .after_vectors.*)
 .after_vectors
                0x08000194      0x1dc /tmp/cc6GGOBu.ltrans1.ltrans.o
                0x08000194                RTC_Alarm_IRQHandler
                0x08000194                EXTI2_IRQHandler
                0x08000194                SPI4_IRQHandler
                0x08000194                TIM1_CC_IRQHandler
                0x08000194                DMA2_Stream5_IRQHandler
                0x08000194                DMA1_Stream5_IRQHandler
                0x08000194                PVD_IRQHandler
                0x08000194                SDIO_IRQHandler
                0x08000194                TAMP_STAMP_IRQHandler
                0x08000194                EXTI3_IRQHandler
                0x08000194                TIM1_UP_TIM10_IRQHandler
                0x08000194                I2C3_ER_IRQHandler
                0x08000194                I2C2_EV_IRQHandler
                0x08000194                DMA1_Stream2_IRQHandler
                0x08000194                FPU_IRQHandler
                0x08000194                DMA2_Stream2_IRQHandler
                0x08000194                SPI1_IRQHandler
                0x08000194                TIM1_BRK_TIM9_IRQHandler
                0x08000194                DMA2_Stream3_IRQHandler
                0x08000194                USART6_IRQHandler
                0x08000194                DMA2_Stream0_IRQHandler
                0x08000194                TIM4_IRQHandler
                0x08000194                I2C1_EV_IRQHandler
                0x08000194                DMA1_Stream6_IRQHandler
                0x08000194                DMA1_Stream1_IRQHandler
                0x08000194                TIM3_IRQHandler
                0x08000194                RCC_IRQHandler
                0x08000194                Default_Handler
                0x08000194                EXTI15_10_IRQHandler
                0x08000194                ADC_IRQHandler
                0x08000194                DMA1_Stream7_IRQHandler
                0x08000194                TIM5_IRQHandler
                0x08000194                DMA2_Stream7_IRQHandler
                0x08000194                I2C3_EV_IRQHandler
                0x08000194                EXTI9_5_IRQHandler
                0x08000194                RTC_WKUP_IRQHandler
                0x08000194                SPI2_IRQHandler
                0x08000194                DMA1_Stream0_IRQHandler
                0x08000194                WWDG_IRQHandler
                0x08000194                TIM2_IRQHandler
                0x08000194                OTG_FS_WKUP_IRQHandler
                0x08000194                TIM1_TRG_COM_TIM11_IRQHandler
                0x08000194                EXTI1_IRQHandler
                0x08000194                I2C2_ER_IRQHandler
                0x08000194                DMA2_Stream1_IRQHandler
                0x08000194                FLASH_IRQHandler
                0x08000194                DMA2_Stream4_IRQHandler
                0x08000194                USART1_IRQHandler
                0x08000194                OTG_FS_IRQHandler
                0x08000194                SPI3_IRQHandler
                0x08000194                DMA1_Stream4_IRQHandler
                0x08000194                I2C1_ER_IRQHandler
                0x08000194                DMA2_Stream6_IRQHandler
                0x08000194                DMA1_Stream3_IRQHandler
                0x08000198                UsageFault_Handler_C
                0x080001cc                BusFault_Handler_C
                0x08000200                HardFault_Handler_C
                0x08000260                _start
                0x08000368                Reset_Handler

.inits          0x08000370       0x28
                0x08000370                __data_regions_array_start = .
                0x08000370        0x4 LONG 0x8005c90 LOADADDR (.data)
                0x08000374        0x4 LONG 0x20000000 ADDR (.data)
                0x08000378        0x4 LONG 0x200001e4 (ADDR (.data) + SIZEOF (.data))
                0x0800037c        0x4 LONG 0x8005c90 LOADADDR (.data_CCMRAM)
                0x08000380        0x4 LONG 0x10000000 ADDR (.data_CCMRAM)
                0x08000384        0x4 LONG 0x10000000 (ADDR (.data_CCMRAM) + SIZEOF (.data_CCMRAM))
                0x08000388                __data_regions_array_end = .
                0x08000388                __bss_regions_array_start = .
                0x08000388        0x4 LONG 0x200001e4 ADDR (.bss)
                0x0800038c        0x4 LONG 0x2000033c (ADDR (.bss) + SIZEOF (.bss))
                0x08000390        0x4 LONG 0x10000000 ADDR (.bss_CCMRAM)
                0x08000394        0x4 LONG 0x10000000 (ADDR (.bss_CCMRAM) + SIZEOF (.bss_CCMRAM))
                0x08000398                __bss_regions_array_end = .
 *(.init)
 *(.fini)
                0x08000398                . = ALIGN (0x4)
                0x08000398                PROVIDE (__preinit_array_start, .)
 *(.preinit_array_sysinit .preinit_array_sysinit.*)
 *(.preinit_array_platform .preinit_array_platform.*)
 *(.preinit_array .preinit_array.*)
                0x08000398                PROVIDE (__preinit_array_end, .)
                0x08000398                . = ALIGN (0x4)
                0x08000398                PROVIDE (__init_array_start, .)
 *(SORT(.init_array.*))
 *(.init_array)
                0x08000398                PROVIDE (__init_array_end, .)
                0x08000398                . = ALIGN (0x4)
                0x08000398                PROVIDE (__fini_array_start, .)
 *(SORT(.fini_array.*))
 *(.fini_array)
                0x08000398                PROVIDE (__fini_array_end, .)

.flashtext
 *(.flashtext .flashtext.*)

.text           0x080003a0     0x58f0
 *(.text .text.*)
 .text.I2C_IsAcknowledgeFailed
                0x080003a0       0x2c /tmp/cc6GGOBu.ltrans0.ltrans.o
 .text.HAL_NVIC_SetPriorityGrouping
                0x080003cc       0x38 /tmp/cc6GGOBu.ltrans0.ltrans.o
 .text.HAL_RCC_GetSysClockFreq
                0x08000404       0xa4 /tmp/cc6GGOBu.ltrans0.ltrans.o
 .text.HAL_UART_Init
                0x080004a8       0xf4 /tmp/cc6GGOBu.ltrans0.ltrans.o
                0x080004a8                HAL_UART_Init
 .text.HAL_RCC_GetHCLKFreq
                0x0800059c        0xc /tmp/cc6GGOBu.ltrans0.ltrans.o
                0x0800059c                HAL_RCC_GetHCLKFreq
 .text.HAL_RCC_GetPCLK2Freq
                0x080005a8       0x30 /tmp/cc6GGOBu.ltrans0.ltrans.o
                0x080005a8                HAL_RCC_GetPCLK2Freq
 .text.HAL_RCC_GetPCLK1Freq
                0x080005d8       0x30 /tmp/cc6GGOBu.ltrans0.ltrans.o
                0x080005d8                HAL_RCC_GetPCLK1Freq
 .text.HAL_I2C_Init
                0x08000608      0x1d8 /tmp/cc6GGOBu.ltrans0.ltrans.o
                0x08000608                HAL_I2C_Init
 .text.HAL_GPIO_Init
                0x080007e0      0x2a4 /tmp/cc6GGOBu.ltrans0.ltrans.o
                0x080007e0                HAL_GPIO_Init
 .text.HAL_DMA_Abort_IT
                0x08000a84       0x28 /tmp/cc6GGOBu.ltrans0.ltrans.o
                0x08000a84                HAL_DMA_Abort_IT
 .text.HAL_SYSTICK_CLKSourceConfig
                0x08000aac       0x38 /tmp/cc6GGOBu.ltrans0.ltrans.o
                0x08000aac                HAL_SYSTICK_CLKSourceConfig
 .text.HAL_SYSTICK_Config
                0x08000ae4       0x2c /tmp/cc6GGOBu.ltrans0.ltrans.o
                0x08000ae4                HAL_SYSTICK_Config
 .text.HAL_NVIC_EnableIRQ
                0x08000b10       0x2c /tmp/cc6GGOBu.ltrans0.ltrans.o
                0x08000b10                HAL_NVIC_EnableIRQ
 .text.HAL_NVIC_SetPriority
                0x08000b3c       0x7c /tmp/cc6GGOBu.ltrans0.ltrans.o
                0x08000b3c                HAL_NVIC_SetPriority
 .text.HAL_InitTick
                0x08000bb8       0x28 /tmp/cc6GGOBu.ltrans0.ltrans.o
 .text.HAL_GetTick
                0x08000be0        0xc /tmp/cc6GGOBu.ltrans0.ltrans.o
                0x08000be0                HAL_GetTick
 .text.HAL_UART_Receive
                0x08000bec       0xdc /tmp/cc6GGOBu.ltrans0.ltrans.o
                0x08000bec                HAL_UART_Receive
 .text.HAL_UART_Transmit
                0x08000cc8       0xdc /tmp/cc6GGOBu.ltrans0.ltrans.o
                0x08000cc8                HAL_UART_Transmit
 .text.HAL_RCC_ClockConfig
                0x08000da4      0x264 /tmp/cc6GGOBu.ltrans0.ltrans.o
                0x08000da4                HAL_RCC_ClockConfig
 .text.HAL_RCC_OscConfig
                0x08001008      0x454 /tmp/cc6GGOBu.ltrans0.ltrans.o
                0x08001008                HAL_RCC_OscConfig
 .text.I2C_WaitOnBTFFlagUntilTimeout
                0x0800145c       0x50 /tmp/cc6GGOBu.ltrans0.ltrans.o
 .text.I2C_WaitOnTXEFlagUntilTimeout
                0x080014ac       0x50 /tmp/cc6GGOBu.ltrans0.ltrans.o
 .text.I2C_WaitOnMasterAddressFlagUntilTimeout
                0x080014fc       0x94 /tmp/cc6GGOBu.ltrans0.ltrans.o
 .text.I2C_WaitOnFlagUntilTimeout
                0x08001590       0x6c /tmp/cc6GGOBu.ltrans0.ltrans.o
 .text.I2C_RequestMemoryWrite
                0x080015fc       0xd8 /tmp/cc6GGOBu.ltrans0.ltrans.o
 .text.HAL_I2C_Mem_Write
                0x080016d4      0x158 /tmp/cc6GGOBu.ltrans0.ltrans.o
                0x080016d4                HAL_I2C_Mem_Write
 .text.HAL_Delay
                0x0800182c       0x1c /tmp/cc6GGOBu.ltrans0.ltrans.o
                0x0800182c                HAL_Delay
 .text.HAL_IncTick
                0x08001848       0x10 /tmp/cc6GGOBu.ltrans0.ltrans.o
                0x08001848                HAL_IncTick
 .text.HAL_Init
                0x08001858       0x30 /tmp/cc6GGOBu.ltrans0.ltrans.o
                0x08001858                HAL_Init
 .text.timer_tick
                0x08001888       0x14 /tmp/cc6GGOBu.ltrans1.ltrans.o
 .text.SystemCoreClockUpdate
                0x0800189c       0xa0 /tmp/cc6GGOBu.ltrans1.ltrans.o
 .text.SystemInit
                0x0800193c       0x40 /tmp/cc6GGOBu.ltrans1.ltrans.o
 .text.__initialize_hardware_early
                0x0800197c       0x18 /tmp/cc6GGOBu.ltrans1.ltrans.o
 .text._trace_write_semihosting_stdout
                0x08001994       0x70 /tmp/cc6GGOBu.ltrans1.ltrans.o
 .text.trace_write
                0x08001a04        0x8 /tmp/cc6GGOBu.ltrans1.ltrans.o
 .text.__initialize_args
                0x08001a0c       0x10 /tmp/cc6GGOBu.ltrans1.ltrans.o
 .text._exit    0x08001a1c        0x4 /tmp/cc6GGOBu.ltrans1.ltrans.o
 .text.UART_Transmit_IT
                0x08001a20       0x68 /tmp/cc6GGOBu.ltrans1.ltrans.o
 .text.UART_EndRxTransfer
                0x08001a88       0x1c /tmp/cc6GGOBu.ltrans1.ltrans.o
 .text.UART_DMAAbortOnError
                0x08001aa4        0xc /tmp/cc6GGOBu.ltrans1.ltrans.o
 .text.UART_EndTransmit_IT
                0x08001ab0       0x14 /tmp/cc6GGOBu.ltrans1.ltrans.o
 .text.__initialize_hardware
                0x08001ac4       0x10 /tmp/cc6GGOBu.ltrans1.ltrans.o
 .text.SysTick_Handler
                0x08001ad4        0xc /tmp/cc6GGOBu.ltrans1.ltrans.o
                0x08001ad4                SysTick_Handler
 .text.isSemihosting
                0x08001ae0       0x78 /tmp/cc6GGOBu.ltrans1.ltrans.o
 .text.UART_Receive_IT
                0x08001b58       0x94 /tmp/cc6GGOBu.ltrans1.ltrans.o
 .text.timer_start
                0x08001bec       0x38 /tmp/cc6GGOBu.ltrans1.ltrans.o
                0x08001bec                timer_start
 .text.trace_puts
                0x08001c24       0x20 /tmp/cc6GGOBu.ltrans1.ltrans.o
                0x08001c24                trace_puts
 .text.abort    0x08001c44       0x14 /tmp/cc6GGOBu.ltrans1.ltrans.o
 .text.trace_printf
                0x08001c58       0x30 /tmp/cc6GGOBu.ltrans1.ltrans.o
                0x08001c58                trace_printf
 .text.dumpExceptionStack
                0x08001c88       0xf0 /tmp/cc6GGOBu.ltrans1.ltrans.o
 .text.assert_failed
                0x08001d78       0x14 /tmp/cc6GGOBu.ltrans1.ltrans.o
                0x08001d78                assert_failed
 .text._sbrk    0x08001d8c       0x44 /tmp/cc6GGOBu.ltrans1.ltrans.o
                0x08001d8c                _sbrk
 .text.UART_SetConfig.lto_priv.1
                0x08001dd0      0x310 /tmp/cc6GGOBu.ltrans1.ltrans.o
                0x08001dd0                UART_SetConfig.lto_priv.1
 .text.UART_WaitOnFlagUntilTimeout.lto_priv.0
                0x080020e0       0x68 /tmp/cc6GGOBu.ltrans1.ltrans.o
                0x080020e0                UART_WaitOnFlagUntilTimeout.lto_priv.0
 .text.HAL_UART_IRQHandler
                0x08002148      0x110 /tmp/cc6GGOBu.ltrans1.ltrans.o
                0x08002148                HAL_UART_IRQHandler
 .text.HAL_UART_Receive_IT
                0x08002258       0x5c /tmp/cc6GGOBu.ltrans1.ltrans.o
                0x08002258                HAL_UART_Receive_IT
 .text.EXTI4_IRQHandler
                0x080022b4        0x4 /tmp/cc6GGOBu.ltrans2.ltrans.o
 .text.EXTI0_IRQHandler
                0x080022b8        0x4 /tmp/cc6GGOBu.ltrans2.ltrans.o
 .text.PendSV_Handler
                0x080022bc        0x4 /tmp/cc6GGOBu.ltrans2.ltrans.o
 .text.DebugMon_Handler
                0x080022c0        0x4 /tmp/cc6GGOBu.ltrans2.ltrans.o
 .text.SVC_Handler
                0x080022c4        0x4 /tmp/cc6GGOBu.ltrans2.ltrans.o
 .text.UsageFault_Handler
                0x080022c8        0x4 /tmp/cc6GGOBu.ltrans2.ltrans.o
 .text.BusFault_Handler
                0x080022cc        0x4 /tmp/cc6GGOBu.ltrans2.ltrans.o
 .text.MemManage_Handler
                0x080022d0        0x4 /tmp/cc6GGOBu.ltrans2.ltrans.o
 .text.HardFault_Handler
                0x080022d4        0x4 /tmp/cc6GGOBu.ltrans2.ltrans.o
 .text.NMI_Handler
                0x080022d8        0x4 /tmp/cc6GGOBu.ltrans2.ltrans.o
 .text.get_lcd_embd_l
                0x080022dc       0x50 /tmp/cc6GGOBu.ltrans2.ltrans.o
 .text.get_lcd_embd_h
                0x0800232c       0x48 /tmp/cc6GGOBu.ltrans2.ltrans.o
 .text.USART2_IRQHandler
                0x08002374       0x38 /tmp/cc6GGOBu.ltrans2.ltrans.o
 .text.BSP_PB_Init
                0x080023ac       0x70 /tmp/cc6GGOBu.ltrans2.ltrans.o
 .text.MX_GPIO_Init
                0x0800241c       0xa8 /tmp/cc6GGOBu.ltrans2.ltrans.o
 .text.MX_I2C1_Init
                0x080024c4       0x50 /tmp/cc6GGOBu.ltrans2.ltrans.o
 .text.init_lcd
                0x08002514      0x1c0 /tmp/cc6GGOBu.ltrans2.ltrans.o
 .text.cursor_to_home
                0x080026d4       0x54 /tmp/cc6GGOBu.ltrans2.ltrans.o
 .text.send_char_to_lcd
                0x08002728       0x64 /tmp/cc6GGOBu.ltrans2.ltrans.o
 .text.EspInit  0x0800278c       0xc4 /tmp/cc6GGOBu.ltrans2.ltrans.o
 .text.HAL_UART_RxCpltCallback
                0x08002850       0x6c /tmp/cc6GGOBu.ltrans2.ltrans.o
                0x08002850                HAL_UART_RxCpltCallback
 .text.SystemClock_Config
                0x080028bc       0x94 /tmp/cc6GGOBu.ltrans2.ltrans.o
                0x080028bc                SystemClock_Config
 .text.main     0x08002950      0x294 /tmp/cc6GGOBu.ltrans2.ltrans.o
                0x08002950                main
 .text.__errno  0x08002be4        0xc /usr/local/gcc-arm-none-eabi-5_4-2016q3/bin/../lib/gcc/arm-none-eabi/5.4.1/../../../../arm-none-eabi/lib/armv7e-m/libc_nano.a(lib_a-errno.o)
                0x08002be4                __errno
 .text.memset   0x08002bf0       0x10 /usr/local/gcc-arm-none-eabi-5_4-2016q3/bin/../lib/gcc/arm-none-eabi/5.4.1/../../../../arm-none-eabi/lib/armv7e-m/libc_nano.a(lib_a-memset.o)
                0x08002bf0                memset
 .text.__cvt    0x08002c00       0xbe /usr/local/gcc-arm-none-eabi-5_4-2016q3/bin/../lib/gcc/arm-none-eabi/5.4.1/../../../../arm-none-eabi/lib/armv7e-m/libc_nano.a(lib_a-nano-vfprintf_float.o)
                0x08002c00                __cvt
 .text.__exponent
                0x08002cbe       0x60 /usr/local/gcc-arm-none-eabi-5_4-2016q3/bin/../lib/gcc/arm-none-eabi/5.4.1/../../../../arm-none-eabi/lib/armv7e-m/libc_nano.a(lib_a-nano-vfprintf_float.o)
                0x08002cbe                __exponent
 *fill*         0x08002d1e        0x2 
 .text._printf_float
                0x08002d20      0x488 /usr/local/gcc-arm-none-eabi-5_4-2016q3/bin/../lib/gcc/arm-none-eabi/5.4.1/../../../../arm-none-eabi/lib/armv7e-m/libc_nano.a(lib_a-nano-vfprintf_float.o)
                0x08002d20                _printf_float
 .text._printf_common
                0x080031a8       0xec /usr/local/gcc-arm-none-eabi-5_4-2016q3/bin/../lib/gcc/arm-none-eabi/5.4.1/../../../../arm-none-eabi/lib/armv7e-m/libc_nano.a(lib_a-nano-vfprintf_i.o)
                0x080031a8                _printf_common
 .text._printf_i
                0x08003294      0x24c /usr/local/gcc-arm-none-eabi-5_4-2016q3/bin/../lib/gcc/arm-none-eabi/5.4.1/../../../../arm-none-eabi/lib/armv7e-m/libc_nano.a(lib_a-nano-vfprintf_i.o)
                0x08003294                _printf_i
 .text          0x080034e0       0x14 /usr/local/gcc-arm-none-eabi-5_4-2016q3/bin/../lib/gcc/arm-none-eabi/5.4.1/../../../../arm-none-eabi/lib/armv7e-m/libc_nano.a(lib_a-strcmp.o)
                0x080034e0                strcmp
 .text          0x080034f4       0x10 /usr/local/gcc-arm-none-eabi-5_4-2016q3/bin/../lib/gcc/arm-none-eabi/5.4.1/../../../../arm-none-eabi/lib/armv7e-m/libc_nano.a(lib_a-strlen.o)
                0x080034f4                strlen
 .text._vsnprintf_r
                0x08003504       0x56 /usr/local/gcc-arm-none-eabi-5_4-2016q3/bin/../lib/gcc/arm-none-eabi/5.4.1/../../../../arm-none-eabi/lib/armv7e-m/libc_nano.a(lib_a-vsnprintf.o)
                0x08003504                _vsnprintf_r
                0x08003504                _vsniprintf_r
 *fill*         0x0800355a        0x2 
 .text.vsnprintf
                0x0800355c       0x1c /usr/local/gcc-arm-none-eabi-5_4-2016q3/bin/../lib/gcc/arm-none-eabi/5.4.1/../../../../arm-none-eabi/lib/armv7e-m/libc_nano.a(lib_a-vsnprintf.o)
                0x0800355c                vsnprintf
                0x0800355c                vsniprintf
 .text.quorem   0x08003578      0x11e /usr/local/gcc-arm-none-eabi-5_4-2016q3/bin/../lib/gcc/arm-none-eabi/5.4.1/../../../../arm-none-eabi/lib/armv7e-m/libc_nano.a(lib_a-dtoa.o)
 *fill*         0x08003696        0x2 
 .text._dtoa_r  0x08003698      0xb38 /usr/local/gcc-arm-none-eabi-5_4-2016q3/bin/../lib/gcc/arm-none-eabi/5.4.1/../../../../arm-none-eabi/lib/armv7e-m/libc_nano.a(lib_a-dtoa.o)
                0x08003698                _dtoa_r
 .text._localeconv_r
                0x080041d0       0x1c /usr/local/gcc-arm-none-eabi-5_4-2016q3/bin/../lib/gcc/arm-none-eabi/5.4.1/../../../../arm-none-eabi/lib/armv7e-m/libc_nano.a(lib_a-localeconv.o)
                0x080041d0                _localeconv_r
 .text.malloc   0x080041ec       0x10 /usr/local/gcc-arm-none-eabi-5_4-2016q3/bin/../lib/gcc/arm-none-eabi/5.4.1/../../../../arm-none-eabi/lib/armv7e-m/libc_nano.a(lib_a-malloc.o)
                0x080041ec                malloc
 *fill*         0x080041fc        0x4 
 .text          0x08004200       0xa0 /usr/local/gcc-arm-none-eabi-5_4-2016q3/bin/../lib/gcc/arm-none-eabi/5.4.1/../../../../arm-none-eabi/lib/armv7e-m/libc_nano.a(lib_a-memchr.o)
                0x08004200                memchr
 .text.memcpy   0x080042a0       0x16 /usr/local/gcc-arm-none-eabi-5_4-2016q3/bin/../lib/gcc/arm-none-eabi/5.4.1/../../../../arm-none-eabi/lib/armv7e-m/libc_nano.a(lib_a-memcpy-stub.o)
                0x080042a0                memcpy
 .text._Balloc  0x080042b6       0x6a /usr/local/gcc-arm-none-eabi-5_4-2016q3/bin/../lib/gcc/arm-none-eabi/5.4.1/../../../../arm-none-eabi/lib/armv7e-m/libc_nano.a(lib_a-mprec.o)
                0x080042b6                _Balloc
 .text._Bfree   0x08004320       0x2e /usr/local/gcc-arm-none-eabi-5_4-2016q3/bin/../lib/gcc/arm-none-eabi/5.4.1/../../../../arm-none-eabi/lib/armv7e-m/libc_nano.a(lib_a-mprec.o)
                0x08004320                _Bfree
 .text.__multadd
                0x0800434e       0x76 /usr/local/gcc-arm-none-eabi-5_4-2016q3/bin/../lib/gcc/arm-none-eabi/5.4.1/../../../../arm-none-eabi/lib/armv7e-m/libc_nano.a(lib_a-mprec.o)
                0x0800434e                __multadd
 .text.__hi0bits
                0x080043c4       0x40 /usr/local/gcc-arm-none-eabi-5_4-2016q3/bin/../lib/gcc/arm-none-eabi/5.4.1/../../../../arm-none-eabi/lib/armv7e-m/libc_nano.a(lib_a-mprec.o)
                0x080043c4                __hi0bits
 .text.__lo0bits
                0x08004404       0x5a /usr/local/gcc-arm-none-eabi-5_4-2016q3/bin/../lib/gcc/arm-none-eabi/5.4.1/../../../../arm-none-eabi/lib/armv7e-m/libc_nano.a(lib_a-mprec.o)
                0x08004404                __lo0bits
 .text.__i2b    0x0800445e       0x12 /usr/local/gcc-arm-none-eabi-5_4-2016q3/bin/../lib/gcc/arm-none-eabi/5.4.1/../../../../arm-none-eabi/lib/armv7e-m/libc_nano.a(lib_a-mprec.o)
                0x0800445e                __i2b
 .text.__multiply
                0x08004470      0x122 /usr/local/gcc-arm-none-eabi-5_4-2016q3/bin/../lib/gcc/arm-none-eabi/5.4.1/../../../../arm-none-eabi/lib/armv7e-m/libc_nano.a(lib_a-mprec.o)
                0x08004470                __multiply
 *fill*         0x08004592        0x2 
 .text.__pow5mult
                0x08004594       0x9c /usr/local/gcc-arm-none-eabi-5_4-2016q3/bin/../lib/gcc/arm-none-eabi/5.4.1/../../../../arm-none-eabi/lib/armv7e-m/libc_nano.a(lib_a-mprec.o)
                0x08004594                __pow5mult
 .text.__lshift
                0x08004630       0xa2 /usr/local/gcc-arm-none-eabi-5_4-2016q3/bin/../lib/gcc/arm-none-eabi/5.4.1/../../../../arm-none-eabi/lib/armv7e-m/libc_nano.a(lib_a-mprec.o)
                0x08004630                __lshift
 .text.__mcmp   0x080046d2       0x38 /usr/local/gcc-arm-none-eabi-5_4-2016q3/bin/../lib/gcc/arm-none-eabi/5.4.1/../../../../arm-none-eabi/lib/armv7e-m/libc_nano.a(lib_a-mprec.o)
                0x080046d2                __mcmp
 .text.__mdiff  0x0800470a       0xbe /usr/local/gcc-arm-none-eabi-5_4-2016q3/bin/../lib/gcc/arm-none-eabi/5.4.1/../../../../arm-none-eabi/lib/armv7e-m/libc_nano.a(lib_a-mprec.o)
                0x0800470a                __mdiff
 .text.__d2b    0x080047c8       0x9c /usr/local/gcc-arm-none-eabi-5_4-2016q3/bin/../lib/gcc/arm-none-eabi/5.4.1/../../../../arm-none-eabi/lib/armv7e-m/libc_nano.a(lib_a-mprec.o)
                0x080047c8                __d2b
 .text._calloc_r
                0x08004864       0x1c /usr/local/gcc-arm-none-eabi-5_4-2016q3/bin/../lib/gcc/arm-none-eabi/5.4.1/../../../../arm-none-eabi/lib/armv7e-m/libc_nano.a(lib_a-nano-callocr.o)
                0x08004864                _calloc_r
 .text._free_r  0x08004880       0x9c /usr/local/gcc-arm-none-eabi-5_4-2016q3/bin/../lib/gcc/arm-none-eabi/5.4.1/../../../../arm-none-eabi/lib/armv7e-m/libc_nano.a(lib_a-nano-freer.o)
                0x08004880                _free_r
 .text._malloc_r
                0x0800491c       0xbc /usr/local/gcc-arm-none-eabi-5_4-2016q3/bin/../lib/gcc/arm-none-eabi/5.4.1/../../../../arm-none-eabi/lib/armv7e-m/libc_nano.a(lib_a-nano-mallocr.o)
                0x0800491c                _malloc_r
 .text.__ssputs_r
                0x080049d8       0xb2 /usr/local/gcc-arm-none-eabi-5_4-2016q3/bin/../lib/gcc/arm-none-eabi/5.4.1/../../../../arm-none-eabi/lib/armv7e-m/libc_nano.a(lib_a-nano-svfprintf.o)
                0x080049d8                __ssputs_r
 *fill*         0x08004a8a        0x2 
 .text._svfprintf_r
                0x08004a8c      0x1e8 /usr/local/gcc-arm-none-eabi-5_4-2016q3/bin/../lib/gcc/arm-none-eabi/5.4.1/../../../../arm-none-eabi/lib/armv7e-m/libc_nano.a(lib_a-nano-svfprintf.o)
                0x08004a8c                _svfprintf_r
                0x08004a8c                _svfiprintf_r
 .text._sbrk_r  0x08004c74       0x20 /usr/local/gcc-arm-none-eabi-5_4-2016q3/bin/../lib/gcc/arm-none-eabi/5.4.1/../../../../arm-none-eabi/lib/armv7e-m/libc_nano.a(lib_a-sbrkr.o)
                0x08004c74                _sbrk_r
 .text.__ascii_mbtowc
                0x08004c94       0x24 /usr/local/gcc-arm-none-eabi-5_4-2016q3/bin/../lib/gcc/arm-none-eabi/5.4.1/../../../../arm-none-eabi/lib/armv7e-m/libc_nano.a(lib_a-mbtowc_r.o)
                0x08004c94                __ascii_mbtowc
 .text.memmove  0x08004cb8       0x36 /usr/local/gcc-arm-none-eabi-5_4-2016q3/bin/../lib/gcc/arm-none-eabi/5.4.1/../../../../arm-none-eabi/lib/armv7e-m/libc_nano.a(lib_a-memmove.o)
                0x08004cb8                memmove
 .text.__malloc_lock
                0x08004cee        0x2 /usr/local/gcc-arm-none-eabi-5_4-2016q3/bin/../lib/gcc/arm-none-eabi/5.4.1/../../../../arm-none-eabi/lib/armv7e-m/libc_nano.a(lib_a-mlock.o)
                0x08004cee                __malloc_lock
 .text.__malloc_unlock
                0x08004cf0        0x2 /usr/local/gcc-arm-none-eabi-5_4-2016q3/bin/../lib/gcc/arm-none-eabi/5.4.1/../../../../arm-none-eabi/lib/armv7e-m/libc_nano.a(lib_a-mlock.o)
                0x08004cf0                __malloc_unlock
 .text._realloc_r
                0x08004cf2       0x4c /usr/local/gcc-arm-none-eabi-5_4-2016q3/bin/../lib/gcc/arm-none-eabi/5.4.1/../../../../arm-none-eabi/lib/armv7e-m/libc_nano.a(lib_a-nano-reallocr.o)
                0x08004cf2                _realloc_r
 .text.__ascii_wctomb
                0x08004d3e       0x1a /usr/local/gcc-arm-none-eabi-5_4-2016q3/bin/../lib/gcc/arm-none-eabi/5.4.1/../../../../arm-none-eabi/lib/armv7e-m/libc_nano.a(lib_a-wctomb_r.o)
                0x08004d3e                __ascii_wctomb
 .text._malloc_usable_size_r
                0x08004d58       0x14 /usr/local/gcc-arm-none-eabi-5_4-2016q3/bin/../lib/gcc/arm-none-eabi/5.4.1/../../../../arm-none-eabi/lib/armv7e-m/libc_nano.a(lib_a-nano-msizer.o)
                0x08004d58                _malloc_usable_size_r
 .text          0x08004d6c      0x370 /usr/local/gcc-arm-none-eabi-5_4-2016q3/bin/../lib/gcc/arm-none-eabi/5.4.1/armv7e-m/libgcc.a(_arm_addsubdf3.o)
                0x08004d6c                __aeabi_drsub
                0x08004d74                __aeabi_dsub
                0x08004d74                __subdf3
                0x08004d78                __adddf3
                0x08004d78                __aeabi_dadd
                0x08004ff0                __aeabi_ui2d
                0x08004ff0                __floatunsidf
                0x08005010                __floatsidf
                0x08005010                __aeabi_i2d
                0x08005034                __extendsfdf2
                0x08005034                __aeabi_f2d
                0x08005070                __aeabi_ul2d
                0x08005070                __floatundidf
                0x08005080                __floatdidf
                0x08005080                __aeabi_l2d
 .text          0x080050dc      0x424 /usr/local/gcc-arm-none-eabi-5_4-2016q3/bin/../lib/gcc/arm-none-eabi/5.4.1/armv7e-m/libgcc.a(_arm_muldivdf3.o)
                0x080050dc                __aeabi_dmul
                0x080050dc                __muldf3
                0x08005330                __aeabi_ddiv
                0x08005330                __divdf3
 .text          0x08005500      0x110 /usr/local/gcc-arm-none-eabi-5_4-2016q3/bin/../lib/gcc/arm-none-eabi/5.4.1/armv7e-m/libgcc.a(_arm_cmpdf2.o)
                0x08005500                __gtdf2
                0x08005500                __gedf2
                0x08005508                __ltdf2
                0x08005508                __ledf2
                0x08005510                __cmpdf2
                0x08005510                __eqdf2
                0x08005510                __nedf2
                0x0800558c                __aeabi_cdrcmple
                0x0800559c                __aeabi_cdcmple
                0x0800559c                __aeabi_cdcmpeq
                0x080055ac                __aeabi_dcmpeq
                0x080055c0                __aeabi_dcmplt
                0x080055d4                __aeabi_dcmple
                0x080055e8                __aeabi_dcmpge
                0x080055fc                __aeabi_dcmpgt
 .text          0x08005610       0x2c /usr/local/gcc-arm-none-eabi-5_4-2016q3/bin/../lib/gcc/arm-none-eabi/5.4.1/armv7e-m/libgcc.a(_arm_unorddf2.o)
                0x08005610                __aeabi_dcmpun
                0x08005610                __unorddf2
 .text          0x0800563c       0x50 /usr/local/gcc-arm-none-eabi-5_4-2016q3/bin/../lib/gcc/arm-none-eabi/5.4.1/armv7e-m/libgcc.a(_arm_fixdfsi.o)
                0x0800563c                __fixdfsi
                0x0800563c                __aeabi_d2iz
 *(.rodata .rodata.* .constdata .constdata.*)
 .rodata.APBAHBPrescTable
                0x0800568c       0x10 /tmp/cc6GGOBu.ltrans0.ltrans.o
 .rodata.str1.4
                0x0800569c       0xf2 /tmp/cc6GGOBu.ltrans0.ltrans.o
 *fill*         0x0800578e        0x2 
 .rodata.AHBPrescTable
                0x08005790       0x10 /tmp/cc6GGOBu.ltrans1.ltrans.o
 .rodata.str1.4
                0x080057a0      0x18b /tmp/cc6GGOBu.ltrans1.ltrans.o
                                0x1bf (size before relaxing)
 *fill*         0x0800592b        0x1 
 .rodata.str1.4
                0x0800592c      0x108 /tmp/cc6GGOBu.ltrans2.ltrans.o
                                0x113 (size before relaxing)
 .rodata.str1.1
                0x08005a34       0x12 /usr/local/gcc-arm-none-eabi-5_4-2016q3/bin/../lib/gcc/arm-none-eabi/5.4.1/../../../../arm-none-eabi/lib/armv7e-m/libc_nano.a(lib_a-nano-vfprintf_float.o)
 .rodata.str1.1
                0x08005a46       0x22 /usr/local/gcc-arm-none-eabi-5_4-2016q3/bin/../lib/gcc/arm-none-eabi/5.4.1/../../../../arm-none-eabi/lib/armv7e-m/libc_nano.a(lib_a-nano-vfprintf_i.o)
 .rodata.str1.1
                0x08005a68        0xd /usr/local/gcc-arm-none-eabi-5_4-2016q3/bin/../lib/gcc/arm-none-eabi/5.4.1/../../../../arm-none-eabi/lib/armv7e-m/libc_nano.a(lib_a-dtoa.o)
                                  0xf (size before relaxing)
 *fill*         0x08005a75        0x3 
 .rodata.__mprec_tens
                0x08005a78       0xc8 /usr/local/gcc-arm-none-eabi-5_4-2016q3/bin/../lib/gcc/arm-none-eabi/5.4.1/../../../../arm-none-eabi/lib/armv7e-m/libc_nano.a(lib_a-mprec.o)
                0x08005a78                __mprec_tens
 .rodata.__mprec_bigtens
                0x08005b40       0x28 /usr/local/gcc-arm-none-eabi-5_4-2016q3/bin/../lib/gcc/arm-none-eabi/5.4.1/../../../../arm-none-eabi/lib/armv7e-m/libc_nano.a(lib_a-mprec.o)
                0x08005b40                __mprec_bigtens
 .rodata.p05.6097
                0x08005b68        0xc /usr/local/gcc-arm-none-eabi-5_4-2016q3/bin/../lib/gcc/arm-none-eabi/5.4.1/../../../../arm-none-eabi/lib/armv7e-m/libc_nano.a(lib_a-mprec.o)
 .rodata.str1.1
                0x08005b74       0x11 /usr/local/gcc-arm-none-eabi-5_4-2016q3/bin/../lib/gcc/arm-none-eabi/5.4.1/../../../../arm-none-eabi/lib/armv7e-m/libc_nano.a(lib_a-nano-svfprintf.o)
 .rodata.str1.1
                0x08005b85        0xa /usr/local/gcc-arm-none-eabi-5_4-2016q3/bin/../lib/gcc/arm-none-eabi/5.4.1/../../../../arm-none-eabi/lib/armv7e-m/libc_nano.a(lib_a-locale.o)
                                  0xb (size before relaxing)
 .rodata._ctype_
                0x08005b8f      0x101 /usr/local/gcc-arm-none-eabi-5_4-2016q3/bin/../lib/gcc/arm-none-eabi/5.4.1/../../../../arm-none-eabi/lib/armv7e-m/libc_nano.a(lib_a-ctype_.o)
                0x08005b8f                _ctype_
 *(vtable)
 *(.eh_frame*)
 *(.glue_7)
 .glue_7        0x08005c90        0x0 linker stubs
 *(.glue_7t)
 .glue_7t       0x08005c90        0x0 linker stubs

.vfp11_veneer   0x08005c90        0x0
 .vfp11_veneer  0x08005c90        0x0 linker stubs

.v4_bx          0x08005c90        0x0
 .v4_bx         0x08005c90        0x0 linker stubs

.iplt           0x08005c90        0x0
 .iplt          0x08005c90        0x0 /home/ivan/stm/STM32Cube_FW_F4_V1.16.0/Middlewares/ST/STM32_Audio/Addons/PDM/libPDMFilter_CM4_GCC.a(pdm_filter.o)

.rel.dyn        0x08005c90        0x0
 .rel.iplt      0x08005c90        0x0 /home/ivan/stm/STM32Cube_FW_F4_V1.16.0/Middlewares/ST/STM32_Audio/Addons/PDM/libPDMFilter_CM4_GCC.a(pdm_filter.o)

.ARM.extab
 *(.ARM.extab* .gnu.linkonce.armextab.*)
                0x08005c90                . = ALIGN (0x4)
                0x08005c90                __exidx_start = .

.ARM.exidx
 *(.ARM.exidx* .gnu.linkonce.armexidx.*)
                0x08005c90                __exidx_end = .
                0x08005c90                . = ALIGN (0x4)
                0x08005c90                _etext = .
                0x08005c90                __etext = .

.data_CCMRAM    0x10000000        0x0 load address 0x08005c90
 FILL mask 0xff
 *(.data.CCMRAM .data.CCMRAM.*)
                0x10000000                . = ALIGN (0x4)
                0x08005c90                _sidata = LOADADDR (.data)

.data           0x20000000      0x1e4 load address 0x08005c90
 FILL mask 0xff
                0x20000000                _sdata = .
                0x20000000                __data_start__ = .
 *(.data_begin .data_begin.*)
 .data_begin    0x20000000        0x4 /tmp/cc6GGOBu.ltrans1.ltrans.o
 *(.data .data.*)
 .data.argv.4290
                0x20000004        0x8 /tmp/cc6GGOBu.ltrans1.ltrans.o
 .data.SystemCoreClock
                0x2000000c        0x4 /tmp/cc6GGOBu.ltrans2.ltrans.o
                0x2000000c                SystemCoreClock
 .data.impure_data
                0x20000010       0x60 /usr/local/gcc-arm-none-eabi-5_4-2016q3/bin/../lib/gcc/arm-none-eabi/5.4.1/../../../../arm-none-eabi/lib/armv7e-m/libc_nano.a(lib_a-impure.o)
 .data._impure_ptr
                0x20000070        0x4 /usr/local/gcc-arm-none-eabi-5_4-2016q3/bin/../lib/gcc/arm-none-eabi/5.4.1/../../../../arm-none-eabi/lib/armv7e-m/libc_nano.a(lib_a-impure.o)
                0x20000070                _impure_ptr
 .data.__global_locale
                0x20000074      0x16c /usr/local/gcc-arm-none-eabi-5_4-2016q3/bin/../lib/gcc/arm-none-eabi/5.4.1/../../../../arm-none-eabi/lib/armv7e-m/libc_nano.a(lib_a-locale.o)
                0x20000074                __global_locale
 *(.data_end .data_end.*)
 .data_end      0x200001e0        0x4 /tmp/cc6GGOBu.ltrans1.ltrans.o
                0x200001e4                . = ALIGN (0x4)
                0x200001e4                _edata = .
                0x200001e4                __data_end__ = .

.igot.plt       0x200001e4        0x0 load address 0x08005e74
 .igot.plt      0x200001e4        0x0 /home/ivan/stm/STM32Cube_FW_F4_V1.16.0/Middlewares/ST/STM32_Audio/Addons/PDM/libPDMFilter_CM4_GCC.a(pdm_filter.o)

.bss_CCMRAM     0x10000000        0x0
 *(.bss.CCMRAM .bss.CCMRAM.*)

.bss            0x200001e4      0x158
                0x200001e4                __bss_start__ = .
                0x200001e4                _sbss = .
 *(.bss_begin .bss_begin.*)
 .bss_begin     0x200001e4        0x4 /tmp/cc6GGOBu.ltrans1.ltrans.o
 *(.bss .bss.*)
 .bss.uwTick    0x200001e8        0x4 /tmp/cc6GGOBu.ltrans0.ltrans.o
 .bss.timer_delayCount
                0x200001ec        0x4 /tmp/cc6GGOBu.ltrans1.ltrans.o
 .bss.name.4289
                0x200001f0        0x1 /tmp/cc6GGOBu.ltrans1.ltrans.o
 *fill*         0x200001f1        0x3 
 .bss.handle.9155
                0x200001f4        0x4 /tmp/cc6GGOBu.ltrans1.ltrans.o
 .bss.current_heap_end.3974
                0x200001f8        0x4 /tmp/cc6GGOBu.ltrans1.ltrans.o
 .bss.buf.5179  0x200001fc       0x80 /tmp/cc6GGOBu.ltrans1.ltrans.o
 .bss.esp       0x2000027c       0x40 /tmp/cc6GGOBu.ltrans2.ltrans.o
 .bss.ans       0x200002bc       0x19 /tmp/cc6GGOBu.ltrans2.ltrans.o
 .bss.UartReady
                0x200002d5        0x1 /tmp/cc6GGOBu.ltrans2.ltrans.o
 *fill*         0x200002d6        0x2 
 .bss.hi2c1     0x200002d8       0x54 /tmp/cc6GGOBu.ltrans2.ltrans.o
 .bss.__malloc_sbrk_start
                0x2000032c        0x4 /usr/local/gcc-arm-none-eabi-5_4-2016q3/bin/../lib/gcc/arm-none-eabi/5.4.1/../../../../arm-none-eabi/lib/armv7e-m/libc_nano.a(lib_a-nano-mallocr.o)
                0x2000032c                __malloc_sbrk_start
 .bss.__malloc_free_list
                0x20000330        0x4 /usr/local/gcc-arm-none-eabi-5_4-2016q3/bin/../lib/gcc/arm-none-eabi/5.4.1/../../../../arm-none-eabi/lib/armv7e-m/libc_nano.a(lib_a-nano-mallocr.o)
                0x20000330                __malloc_free_list
 *(COMMON)
 COMMON         0x20000334        0x4 /tmp/cc6GGOBu.ltrans0.ltrans.o
                0x20000334                errno
 *(.bss_end .bss_end.*)
 .bss_end       0x20000338        0x4 /tmp/cc6GGOBu.ltrans1.ltrans.o
                0x2000033c                . = ALIGN (0x4)
                0x2000033c                __bss_end__ = .
                0x2000033c                _ebss = .

.noinit_CCMRAM
 *(.noinit.CCMRAM .noinit.CCMRAM.*)

.noinit         0x2000033c        0x0
                0x2000033c                _noinit = .
 *(.noinit .noinit.*)
                0x2000033c                . = ALIGN (0x4)
                0x2000033c                _end_noinit = .
                [!provide]                PROVIDE (end, _end_noinit)
                [!provide]                PROVIDE (_end, _end_noinit)
                [!provide]                PROVIDE (__end, _end_noinit)
                [!provide]                PROVIDE (__end__, _end_noinit)

._check_stack   0x2000033c      0x100
                0x2000043c                . = (. + _Minimum_Stack_Size)
 *fill*         0x2000033c      0x100 

.b1text
 *(.b1text)
 *(.b1rodata)
 *(.b1rodata.*)

.eb0text
 *(.eb0text)
 *(.eb0rodata)
 *(.eb0rodata.*)

.eb1text
 *(.eb1text)
 *(.eb1rodata)
 *(.eb1rodata.*)

.eb2text
 *(.eb2text)
 *(.eb2rodata)
 *(.eb2rodata.*)

.eb3text
 *(.eb3text)
 *(.eb3rodata)
 *(.eb3rodata.*)

.stab
 *(.stab)

.stabstr
 *(.stabstr)

.stab.excl
 *(.stab.excl)

.stab.exclstr
 *(.stab.exclstr)

.stab.index
 *(.stab.index)

.stab.indexstr
 *(.stab.indexstr)

.comment        0x00000000       0x6e
 *(.comment)
 .comment       0x00000000       0x6e /tmp/cc6GGOBu.ltrans0.ltrans.o
                                 0x6f (size before relaxing)
 .comment       0x0000006e       0x6f /tmp/cc6GGOBu.ltrans1.ltrans.o
 .comment       0x0000006e       0x6f /tmp/cc6GGOBu.ltrans2.ltrans.o

.ARM.attributes
                0x00000000       0x31
 .ARM.attributes
                0x00000000       0x31 /tmp/cc6GGOBu.ltrans0.ltrans.o
 .ARM.attributes
                0x00000031       0x31 /tmp/cc6GGOBu.ltrans1.ltrans.o
 .ARM.attributes
                0x00000062       0x31 /tmp/cc6GGOBu.ltrans2.ltrans.o
 .ARM.attributes
                0x00000093       0x2e /usr/local/gcc-arm-none-eabi-5_4-2016q3/bin/../lib/gcc/arm-none-eabi/5.4.1/../../../../arm-none-eabi/lib/armv7e-m/libc_nano.a(lib_a-errno.o)
 .ARM.attributes
                0x000000c1       0x2e /usr/local/gcc-arm-none-eabi-5_4-2016q3/bin/../lib/gcc/arm-none-eabi/5.4.1/../../../../arm-none-eabi/lib/armv7e-m/libc_nano.a(lib_a-impure.o)
 .ARM.attributes
                0x000000ef       0x2e /usr/local/gcc-arm-none-eabi-5_4-2016q3/bin/../lib/gcc/arm-none-eabi/5.4.1/../../../../arm-none-eabi/lib/armv7e-m/libc_nano.a(lib_a-memset.o)
 .ARM.attributes
                0x0000011d       0x2e /usr/local/gcc-arm-none-eabi-5_4-2016q3/bin/../lib/gcc/arm-none-eabi/5.4.1/../../../../arm-none-eabi/lib/armv7e-m/libc_nano.a(lib_a-nano-vfprintf_float.o)
 .ARM.attributes
                0x0000014b       0x2e /usr/local/gcc-arm-none-eabi-5_4-2016q3/bin/../lib/gcc/arm-none-eabi/5.4.1/../../../../arm-none-eabi/lib/armv7e-m/libc_nano.a(lib_a-nano-vfprintf_i.o)
 .ARM.attributes
                0x00000179       0x1c /usr/local/gcc-arm-none-eabi-5_4-2016q3/bin/../lib/gcc/arm-none-eabi/5.4.1/../../../../arm-none-eabi/lib/armv7e-m/libc_nano.a(lib_a-strcmp.o)
 .ARM.attributes
                0x00000195       0x17 /usr/local/gcc-arm-none-eabi-5_4-2016q3/bin/../lib/gcc/arm-none-eabi/5.4.1/../../../../arm-none-eabi/lib/armv7e-m/libc_nano.a(lib_a-strlen.o)
 .ARM.attributes
                0x000001ac       0x2e /usr/local/gcc-arm-none-eabi-5_4-2016q3/bin/../lib/gcc/arm-none-eabi/5.4.1/../../../../arm-none-eabi/lib/armv7e-m/libc_nano.a(lib_a-vsnprintf.o)
 .ARM.attributes
                0x000001da       0x2e /usr/local/gcc-arm-none-eabi-5_4-2016q3/bin/../lib/gcc/arm-none-eabi/5.4.1/../../../../arm-none-eabi/lib/armv7e-m/libc_nano.a(lib_a-dtoa.o)
 .ARM.attributes
                0x00000208       0x2e /usr/local/gcc-arm-none-eabi-5_4-2016q3/bin/../lib/gcc/arm-none-eabi/5.4.1/../../../../arm-none-eabi/lib/armv7e-m/libc_nano.a(lib_a-localeconv.o)
 .ARM.attributes
                0x00000236       0x2e /usr/local/gcc-arm-none-eabi-5_4-2016q3/bin/../lib/gcc/arm-none-eabi/5.4.1/../../../../arm-none-eabi/lib/armv7e-m/libc_nano.a(lib_a-malloc.o)
 .ARM.attributes
                0x00000264       0x1c /usr/local/gcc-arm-none-eabi-5_4-2016q3/bin/../lib/gcc/arm-none-eabi/5.4.1/../../../../arm-none-eabi/lib/armv7e-m/libc_nano.a(lib_a-memchr.o)
 .ARM.attributes
                0x00000280       0x2e /usr/local/gcc-arm-none-eabi-5_4-2016q3/bin/../lib/gcc/arm-none-eabi/5.4.1/../../../../arm-none-eabi/lib/armv7e-m/libc_nano.a(lib_a-memcpy-stub.o)
 .ARM.attributes
                0x000002ae       0x2e /usr/local/gcc-arm-none-eabi-5_4-2016q3/bin/../lib/gcc/arm-none-eabi/5.4.1/../../../../arm-none-eabi/lib/armv7e-m/libc_nano.a(lib_a-mprec.o)
 .ARM.attributes
                0x000002dc       0x2e /usr/local/gcc-arm-none-eabi-5_4-2016q3/bin/../lib/gcc/arm-none-eabi/5.4.1/../../../../arm-none-eabi/lib/armv7e-m/libc_nano.a(lib_a-nano-callocr.o)
 .ARM.attributes
                0x0000030a       0x2e /usr/local/gcc-arm-none-eabi-5_4-2016q3/bin/../lib/gcc/arm-none-eabi/5.4.1/../../../../arm-none-eabi/lib/armv7e-m/libc_nano.a(lib_a-nano-freer.o)
 .ARM.attributes
                0x00000338       0x2e /usr/local/gcc-arm-none-eabi-5_4-2016q3/bin/../lib/gcc/arm-none-eabi/5.4.1/../../../../arm-none-eabi/lib/armv7e-m/libc_nano.a(lib_a-nano-mallocr.o)
 .ARM.attributes
                0x00000366       0x2e /usr/local/gcc-arm-none-eabi-5_4-2016q3/bin/../lib/gcc/arm-none-eabi/5.4.1/../../../../arm-none-eabi/lib/armv7e-m/libc_nano.a(lib_a-nano-svfprintf.o)
 .ARM.attributes
                0x00000394       0x2e /usr/local/gcc-arm-none-eabi-5_4-2016q3/bin/../lib/gcc/arm-none-eabi/5.4.1/../../../../arm-none-eabi/lib/armv7e-m/libc_nano.a(lib_a-sbrkr.o)
 .ARM.attributes
                0x000003c2       0x2e /usr/local/gcc-arm-none-eabi-5_4-2016q3/bin/../lib/gcc/arm-none-eabi/5.4.1/../../../../arm-none-eabi/lib/armv7e-m/libc_nano.a(lib_a-locale.o)
 .ARM.attributes
                0x000003f0       0x2e /usr/local/gcc-arm-none-eabi-5_4-2016q3/bin/../lib/gcc/arm-none-eabi/5.4.1/../../../../arm-none-eabi/lib/armv7e-m/libc_nano.a(lib_a-mbtowc_r.o)
 .ARM.attributes
                0x0000041e       0x2e /usr/local/gcc-arm-none-eabi-5_4-2016q3/bin/../lib/gcc/arm-none-eabi/5.4.1/../../../../arm-none-eabi/lib/armv7e-m/libc_nano.a(lib_a-memmove.o)
 .ARM.attributes
                0x0000044c       0x2e /usr/local/gcc-arm-none-eabi-5_4-2016q3/bin/../lib/gcc/arm-none-eabi/5.4.1/../../../../arm-none-eabi/lib/armv7e-m/libc_nano.a(lib_a-mlock.o)
 .ARM.attributes
                0x0000047a       0x2e /usr/local/gcc-arm-none-eabi-5_4-2016q3/bin/../lib/gcc/arm-none-eabi/5.4.1/../../../../arm-none-eabi/lib/armv7e-m/libc_nano.a(lib_a-nano-reallocr.o)
 .ARM.attributes
                0x000004a8       0x2e /usr/local/gcc-arm-none-eabi-5_4-2016q3/bin/../lib/gcc/arm-none-eabi/5.4.1/../../../../arm-none-eabi/lib/armv7e-m/libc_nano.a(lib_a-wctomb_r.o)
 .ARM.attributes
                0x000004d6       0x2e /usr/local/gcc-arm-none-eabi-5_4-2016q3/bin/../lib/gcc/arm-none-eabi/5.4.1/../../../../arm-none-eabi/lib/armv7e-m/libc_nano.a(lib_a-ctype_.o)
 .ARM.attributes
                0x00000504       0x2e /usr/local/gcc-arm-none-eabi-5_4-2016q3/bin/../lib/gcc/arm-none-eabi/5.4.1/../../../../arm-none-eabi/lib/armv7e-m/libc_nano.a(lib_a-nano-msizer.o)
 .ARM.attributes
                0x00000532       0x1e /usr/local/gcc-arm-none-eabi-5_4-2016q3/bin/../lib/gcc/arm-none-eabi/5.4.1/armv7e-m/libgcc.a(_arm_addsubdf3.o)
 .ARM.attributes
                0x00000550       0x1e /usr/local/gcc-arm-none-eabi-5_4-2016q3/bin/../lib/gcc/arm-none-eabi/5.4.1/armv7e-m/libgcc.a(_arm_muldivdf3.o)
 .ARM.attributes
                0x0000056e       0x1e /usr/local/gcc-arm-none-eabi-5_4-2016q3/bin/../lib/gcc/arm-none-eabi/5.4.1/armv7e-m/libgcc.a(_arm_cmpdf2.o)
 .ARM.attributes
                0x0000058c       0x1e /usr/local/gcc-arm-none-eabi-5_4-2016q3/bin/../lib/gcc/arm-none-eabi/5.4.1/armv7e-m/libgcc.a(_arm_unorddf2.o)
 .ARM.attributes
                0x000005aa       0x1e /usr/local/gcc-arm-none-eabi-5_4-2016q3/bin/../lib/gcc/arm-none-eabi/5.4.1/armv7e-m/libgcc.a(_arm_fixdfsi.o)

.debug
 *(.debug)

.line
 *(.line)

.debug_srcinfo
 *(.debug_srcinfo)

.debug_sfnames
 *(.debug_sfnames)

.debug_aranges  0x00000000      0x318
 *(.debug_aranges)
 .debug_aranges
                0x00000000      0x110 /tmp/cc6GGOBu.ltrans0.ltrans.o
 .debug_aranges
                0x00000110      0x130 /tmp/cc6GGOBu.ltrans1.ltrans.o
 .debug_aranges
                0x00000240       0xd8 /tmp/cc6GGOBu.ltrans2.ltrans.o

.debug_pubnames
 *(.debug_pubnames)

.debug_info     0x00000000     0x5203
 *(.debug_info .gnu.linkonce.wi.*)
 .debug_info    0x00000000     0x2088 /tmp/cc6GGOBu.ltrans0.ltrans.o
 .debug_info    0x00002088     0x184c /tmp/cc6GGOBu.ltrans1.ltrans.o
 .debug_info    0x000038d4     0x192f /tmp/cc6GGOBu.ltrans2.ltrans.o

.debug_abbrev   0x00000000      0xb6e
 *(.debug_abbrev)
 .debug_abbrev  0x00000000      0x37c /tmp/cc6GGOBu.ltrans0.ltrans.o
 .debug_abbrev  0x0000037c      0x4db /tmp/cc6GGOBu.ltrans1.ltrans.o
 .debug_abbrev  0x00000857      0x317 /tmp/cc6GGOBu.ltrans2.ltrans.o

.debug_line     0x00000000     0x1462
 *(.debug_line)
 .debug_line    0x00000000      0x838 /tmp/cc6GGOBu.ltrans0.ltrans.o
 .debug_line    0x00000838      0x793 /tmp/cc6GGOBu.ltrans1.ltrans.o
 .debug_line    0x00000fcb      0x497 /tmp/cc6GGOBu.ltrans2.ltrans.o

.debug_frame    0x00000000     0x10b4
 *(.debug_frame)
 .debug_frame   0x00000000      0x360 /tmp/cc6GGOBu.ltrans0.ltrans.o
 .debug_frame   0x00000360      0x348 /tmp/cc6GGOBu.ltrans1.ltrans.o
 .debug_frame   0x000006a8      0x238 /tmp/cc6GGOBu.ltrans2.ltrans.o
 .debug_frame   0x000008e0       0x20 /usr/local/gcc-arm-none-eabi-5_4-2016q3/bin/../lib/gcc/arm-none-eabi/5.4.1/../../../../arm-none-eabi/lib/armv7e-m/libc_nano.a(lib_a-errno.o)
 .debug_frame   0x00000900       0x20 /usr/local/gcc-arm-none-eabi-5_4-2016q3/bin/../lib/gcc/arm-none-eabi/5.4.1/../../../../arm-none-eabi/lib/armv7e-m/libc_nano.a(lib_a-memset.o)
 .debug_frame   0x00000920       0x8c /usr/local/gcc-arm-none-eabi-5_4-2016q3/bin/../lib/gcc/arm-none-eabi/5.4.1/../../../../arm-none-eabi/lib/armv7e-m/libc_nano.a(lib_a-nano-vfprintf_float.o)
 .debug_frame   0x000009ac       0x60 /usr/local/gcc-arm-none-eabi-5_4-2016q3/bin/../lib/gcc/arm-none-eabi/5.4.1/../../../../arm-none-eabi/lib/armv7e-m/libc_nano.a(lib_a-nano-vfprintf_i.o)
 .debug_frame   0x00000a0c       0x20 /usr/local/gcc-arm-none-eabi-5_4-2016q3/bin/../lib/gcc/arm-none-eabi/5.4.1/../../../../arm-none-eabi/lib/armv7e-m/libc_nano.a(lib_a-strcmp.o)
 .debug_frame   0x00000a2c       0x48 /usr/local/gcc-arm-none-eabi-5_4-2016q3/bin/../lib/gcc/arm-none-eabi/5.4.1/../../../../arm-none-eabi/lib/armv7e-m/libc_nano.a(lib_a-vsnprintf.o)
 .debug_frame   0x00000a74       0x6c /usr/local/gcc-arm-none-eabi-5_4-2016q3/bin/../lib/gcc/arm-none-eabi/5.4.1/../../../../arm-none-eabi/lib/armv7e-m/libc_nano.a(lib_a-dtoa.o)
 .debug_frame   0x00000ae0       0x40 /usr/local/gcc-arm-none-eabi-5_4-2016q3/bin/../lib/gcc/arm-none-eabi/5.4.1/../../../../arm-none-eabi/lib/armv7e-m/libc_nano.a(lib_a-localeconv.o)
 .debug_frame   0x00000b20       0x30 /usr/local/gcc-arm-none-eabi-5_4-2016q3/bin/../lib/gcc/arm-none-eabi/5.4.1/../../../../arm-none-eabi/lib/armv7e-m/libc_nano.a(lib_a-malloc.o)
 .debug_frame   0x00000b50       0x28 /usr/local/gcc-arm-none-eabi-5_4-2016q3/bin/../lib/gcc/arm-none-eabi/5.4.1/../../../../arm-none-eabi/lib/armv7e-m/libc_nano.a(lib_a-memcpy-stub.o)
 .debug_frame   0x00000b78      0x234 /usr/local/gcc-arm-none-eabi-5_4-2016q3/bin/../lib/gcc/arm-none-eabi/5.4.1/../../../../arm-none-eabi/lib/armv7e-m/libc_nano.a(lib_a-mprec.o)
 .debug_frame   0x00000dac       0x2c /usr/local/gcc-arm-none-eabi-5_4-2016q3/bin/../lib/gcc/arm-none-eabi/5.4.1/../../../../arm-none-eabi/lib/armv7e-m/libc_nano.a(lib_a-nano-callocr.o)
 .debug_frame   0x00000dd8       0x38 /usr/local/gcc-arm-none-eabi-5_4-2016q3/bin/../lib/gcc/arm-none-eabi/5.4.1/../../../../arm-none-eabi/lib/armv7e-m/libc_nano.a(lib_a-nano-freer.o)
 .debug_frame   0x00000e10       0x2c /usr/local/gcc-arm-none-eabi-5_4-2016q3/bin/../lib/gcc/arm-none-eabi/5.4.1/../../../../arm-none-eabi/lib/armv7e-m/libc_nano.a(lib_a-nano-mallocr.o)
 .debug_frame   0x00000e3c       0x90 /usr/local/gcc-arm-none-eabi-5_4-2016q3/bin/../lib/gcc/arm-none-eabi/5.4.1/../../../../arm-none-eabi/lib/armv7e-m/libc_nano.a(lib_a-nano-svfprintf.o)
 .debug_frame   0x00000ecc       0x2c /usr/local/gcc-arm-none-eabi-5_4-2016q3/bin/../lib/gcc/arm-none-eabi/5.4.1/../../../../arm-none-eabi/lib/armv7e-m/libc_nano.a(lib_a-sbrkr.o)
 .debug_frame   0x00000ef8       0x88 /usr/local/gcc-arm-none-eabi-5_4-2016q3/bin/../lib/gcc/arm-none-eabi/5.4.1/../../../../arm-none-eabi/lib/armv7e-m/libc_nano.a(lib_a-locale.o)
 .debug_frame   0x00000f80       0x44 /usr/local/gcc-arm-none-eabi-5_4-2016q3/bin/../lib/gcc/arm-none-eabi/5.4.1/../../../../arm-none-eabi/lib/armv7e-m/libc_nano.a(lib_a-mbtowc_r.o)
 .debug_frame   0x00000fc4       0x28 /usr/local/gcc-arm-none-eabi-5_4-2016q3/bin/../lib/gcc/arm-none-eabi/5.4.1/../../../../arm-none-eabi/lib/armv7e-m/libc_nano.a(lib_a-memmove.o)
 .debug_frame   0x00000fec       0x30 /usr/local/gcc-arm-none-eabi-5_4-2016q3/bin/../lib/gcc/arm-none-eabi/5.4.1/../../../../arm-none-eabi/lib/armv7e-m/libc_nano.a(lib_a-mlock.o)
 .debug_frame   0x0000101c       0x3c /usr/local/gcc-arm-none-eabi-5_4-2016q3/bin/../lib/gcc/arm-none-eabi/5.4.1/../../../../arm-none-eabi/lib/armv7e-m/libc_nano.a(lib_a-nano-reallocr.o)
 .debug_frame   0x00001058       0x3c /usr/local/gcc-arm-none-eabi-5_4-2016q3/bin/../lib/gcc/arm-none-eabi/5.4.1/../../../../arm-none-eabi/lib/armv7e-m/libc_nano.a(lib_a-wctomb_r.o)
 .debug_frame   0x00001094       0x20 /usr/local/gcc-arm-none-eabi-5_4-2016q3/bin/../lib/gcc/arm-none-eabi/5.4.1/../../../../arm-none-eabi/lib/armv7e-m/libc_nano.a(lib_a-nano-msizer.o)

.debug_str      0x00000000     0x1843
 *(.debug_str)
 .debug_str     0x00000000     0x11ad /tmp/cc6GGOBu.ltrans0.ltrans.o
                               0x127e (size before relaxing)
 .debug_str     0x000011ad      0x45f /tmp/cc6GGOBu.ltrans1.ltrans.o
                                0xef9 (size before relaxing)
 .debug_str     0x0000160c      0x237 /tmp/cc6GGOBu.ltrans2.ltrans.o
                                0xbee (size before relaxing)

.debug_loc      0x00000000     0x282d
 *(.debug_loc)
 .debug_loc     0x00000000     0x177d /tmp/cc6GGOBu.ltrans0.ltrans.o
 .debug_loc     0x0000177d      0xe40 /tmp/cc6GGOBu.ltrans1.ltrans.o
 .debug_loc     0x000025bd      0x270 /tmp/cc6GGOBu.ltrans2.ltrans.o

.debug_macinfo
 *(.debug_macinfo)

.debug_weaknames
 *(.debug_weaknames)

.debug_funcnames
 *(.debug_funcnames)

.debug_typenames
 *(.debug_typenames)

.debug_varnames
 *(.debug_varnames)
OUTPUT(tries.elf elf32-littlearm)

.debug_ranges   0x00000000      0x3f0
 .debug_ranges  0x00000000      0x118 /tmp/cc6GGOBu.ltrans0.ltrans.o
 .debug_ranges  0x00000118      0x1e0 /tmp/cc6GGOBu.ltrans1.ltrans.o
 .debug_ranges  0x000002f8       0xf8 /tmp/cc6GGOBu.ltrans2.ltrans.o
